2025-07-31 14:36:36,661 - video_downloader - INFO - 确保输出目录存在: D:\project\FangXieZhiLian\FangXieZhiLian\storage\video\留香珠
2025-07-31 14:36:36,661 - video_downloader - INFO - 尝试提取视频标题...
2025-07-31 14:36:36,666 - video_downloader - INFO - 成功提取到视频标题: 0714-留香珠-种草-【新品衣服穿久了】04-xjsj
2025-07-31 14:36:36,666 - video_downloader - INFO - 尝试提取视频源URL...
2025-07-31 14:36:36,666 - video_downloader - INFO - 尝试点击视频缩略图...
2025-07-31 14:36:36,686 - video_downloader - INFO - 成功点击视频缩略图
2025-07-31 14:36:38,702 - video_downloader - INFO - 成功提取到视频源URL: https://v6-adadmin.oceanengine.com/1e8d80f6ee191b83a253dc009cf90f52/d1162c16/video/tos/cn/tos-cn-ve-51-ce/okII7h7MVFfFqA2qi6EAhFET2CDYD6QBQffel4/?a=415013&ch=0&cr=0&dr=0&er=0&lr=default&cd=0%7C0%7C0%7C0&br=1229&bt=1229&cs=0&ds=6&ft=tebrH6~tBBkq8ZmoEtBU-_vjVQWw&mime_type=video_mp4&qs=0&rc=OzM7NGlnZ2c3MzdlZzZpPEBpajRvOGs5cnFpNDMzbDYzNEAzMjBhLl8uXl8xYF8xYl4uYSNzb18xMmRrcXFhLS1kMGJzcw%3D%3D&btag=c0000e00018000&dy_q=1753943794&feature_id=b1cb202f98cf51d95e455ae01e100ce9&l=202507311436344BB2A04C27D58D28096A
2025-07-31 14:36:38,703 - video_downloader - INFO - 开始下载视频: https://v6-adadmin.oceanengine.com/1e8d80f6ee191b83a253dc009cf90f52/d1162c16/video/tos/cn/tos-cn-ve-51-ce/okII7h7MVFfFqA2qi6EAhFET2CDYD6QBQffel4/?a=415013&ch=0&cr=0&dr=0&er=0&lr=default&cd=0%7C0%7C0%7C0&br=1229&bt=1229&cs=0&ds=6&ft=tebrH6~tBBkq8ZmoEtBU-_vjVQWw&mime_type=video_mp4&qs=0&rc=OzM7NGlnZ2c3MzdlZzZpPEBpajRvOGs5cnFpNDMzbDYzNEAzMjBhLl8uXl8xYF8xYl4uYSNzb18xMmRrcXFhLS1kMGJzcw%3D%3D&btag=c0000e00018000&dy_q=1753943794&feature_id=b1cb202f98cf51d95e455ae01e100ce9&l=202507311436344BB2A04C27D58D28096A
2025-07-31 14:36:38,703 - video_downloader - INFO - 保存到: D:\project\FangXieZhiLian\FangXieZhiLian\storage\video\留香珠\0714-留香珠-种草-【新品衣服穿久了】04-xjsj.mp4
2025-07-31 14:36:38,784 - video_downloader - INFO - 视频大小: 5.13 MB
2025-07-31 14:36:38,867 - video_downloader - INFO - 下载进度: 10.04%
2025-07-31 14:36:38,888 - video_downloader - INFO - 下载进度: 20.09%
2025-07-31 14:36:38,913 - video_downloader - INFO - 下载进度: 30.13%
2025-07-31 14:36:38,933 - video_downloader - INFO - 下载进度: 40.03%
2025-07-31 14:36:38,944 - video_downloader - INFO - 下载进度: 50.07%
2025-07-31 14:36:38,988 - video_downloader - INFO - 下载进度: 60.12%
2025-07-31 14:36:38,989 - video_downloader - INFO - 下载进度: 70.01%
2025-07-31 14:36:39,082 - video_downloader - INFO - 下载进度: 80.05%
2025-07-31 14:36:39,105 - video_downloader - INFO - 下载进度: 90.10%
2025-07-31 14:36:39,114 - video_downloader - INFO - 下载进度: 100.00%
2025-07-31 14:36:39,114 - video_downloader - INFO - 视频下载完成: D:\project\FangXieZhiLian\FangXieZhiLian\storage\video\留香珠\0714-留香珠-种草-【新品衣服穿久了】04-xjsj.mp4
2025-07-31 14:37:24,691 - video_downloader - INFO - 确保输出目录存在: D:\project\FangXieZhiLian\FangXieZhiLian\storage\video\留香珠
2025-07-31 14:37:24,691 - video_downloader - INFO - 尝试提取视频标题...
2025-07-31 14:37:24,697 - video_downloader - INFO - 成功提取到视频标题: 0403-留香珠-促销-【快用完了】02-ymcx
2025-07-31 14:37:24,698 - video_downloader - INFO - 尝试提取视频源URL...
2025-07-31 14:37:24,698 - video_downloader - INFO - 尝试点击视频缩略图...
2025-07-31 14:37:24,720 - video_downloader - INFO - 成功点击视频缩略图
2025-07-31 14:37:26,730 - video_downloader - INFO - 成功提取到视频源URL: https://v6-adadmin.oceanengine.com/ac6b2942660af40e35baf5889e63a7c6/d1162c8a/video/tos/cn/tos-cn-ve-51/oMPBNWcfnQDGDyApqB8Fm7JEIIDg6jAtGgfgD7/?a=415013&ch=0&cr=0&dr=0&er=0&lr=default&cd=0%7C0%7C0%7C0&cv=1&br=511&bt=511&cs=0&ds=1&eid=29440&ft=tebrH6~tBBkq8ZmoQ_BU-_vjVQWw&mime_type=video_mp4&qs=0&rc=NTNnNGk1Zjw4ODo3ZDk5N0BpMzprcW45cmtweTMzNDYzM0A2Ly00Ni5iNTIxLzMyYjNhYSNrYWByMmRrMWxgLS1kMDBzcw%3D%3D&btag=c0000e00020000&dy_q=1753943842&feature_id=59cb2766d89ae6284516c6a254e9fb61&l=202507311437223A9B932E0B99B4C2160D
2025-07-31 14:37:26,730 - video_downloader - INFO - 开始下载视频: https://v6-adadmin.oceanengine.com/ac6b2942660af40e35baf5889e63a7c6/d1162c8a/video/tos/cn/tos-cn-ve-51/oMPBNWcfnQDGDyApqB8Fm7JEIIDg6jAtGgfgD7/?a=415013&ch=0&cr=0&dr=0&er=0&lr=default&cd=0%7C0%7C0%7C0&cv=1&br=511&bt=511&cs=0&ds=1&eid=29440&ft=tebrH6~tBBkq8ZmoQ_BU-_vjVQWw&mime_type=video_mp4&qs=0&rc=NTNnNGk1Zjw4ODo3ZDk5N0BpMzprcW45cmtweTMzNDYzM0A2Ly00Ni5iNTIxLzMyYjNhYSNrYWByMmRrMWxgLS1kMDBzcw%3D%3D&btag=c0000e00020000&dy_q=1753943842&feature_id=59cb2766d89ae6284516c6a254e9fb61&l=202507311437223A9B932E0B99B4C2160D
2025-07-31 14:37:26,731 - video_downloader - INFO - 保存到: D:\project\FangXieZhiLian\FangXieZhiLian\storage\video\留香珠\0403-留香珠-促销-【快用完了】02-ymcx.mp4
2025-07-31 14:37:26,814 - video_downloader - INFO - 视频大小: 3.40 MB
2025-07-31 14:37:26,875 - video_downloader - INFO - 下载进度: 10.12%
2025-07-31 14:37:26,898 - video_downloader - INFO - 下载进度: 20.00%
2025-07-31 14:37:26,907 - video_downloader - INFO - 下载进度: 30.12%
2025-07-31 14:37:26,930 - video_downloader - INFO - 下载进度: 40.00%
2025-07-31 14:37:26,931 - video_downloader - INFO - 下载进度: 50.12%
2025-07-31 14:37:26,944 - video_downloader - INFO - 下载进度: 60.01%
2025-07-31 14:37:26,955 - video_downloader - INFO - 下载进度: 70.12%
2025-07-31 14:37:26,964 - video_downloader - INFO - 下载进度: 80.01%
2025-07-31 14:37:26,972 - video_downloader - INFO - 下载进度: 90.13%
2025-07-31 14:37:26,978 - video_downloader - INFO - 下载进度: 100.00%
2025-07-31 14:37:26,978 - video_downloader - INFO - 视频下载完成: D:\project\FangXieZhiLian\FangXieZhiLian\storage\video\留香珠\0403-留香珠-促销-【快用完了】02-ymcx.mp4
2025-07-31 14:38:12,278 - video_downloader - INFO - 确保输出目录存在: D:\project\FangXieZhiLian\FangXieZhiLian\storage\video\留香珠
2025-07-31 14:38:12,279 - video_downloader - INFO - 尝试提取视频标题...
2025-07-31 14:38:12,284 - video_downloader - INFO - 成功提取到视频标题: 0711-留香珠-种草-【横屏】04-zypy
2025-07-31 14:38:12,285 - video_downloader - INFO - 尝试提取视频源URL...
2025-07-31 14:38:12,285 - video_downloader - INFO - 尝试点击视频缩略图...
2025-07-31 14:38:12,319 - video_downloader - INFO - 成功点击视频缩略图
2025-07-31 14:38:14,328 - video_downloader - INFO - 成功提取到视频源URL: https://v6-adadmin.oceanengine.com/e63353a023734d001dc9c00cff8cc528/d1162cc5/video/tos/cn/tos-cn-ve-51-ce/oMBBiCAiVIJ5RmQYPXBOJ6E4DM4JBfqAvmr0Y4/?a=415013&ch=0&cr=0&dr=0&er=0&lr=default&cd=0%7C0%7C0%7C0&cv=1&br=539&bt=539&cs=0&ds=6&ft=tebrH6~tBBkq8Zmo1HBU-_vjVQWw&mime_type=video_mp4&qs=0&rc=OWZoZGVoaDs7aDNoO2Y3NUBpMzw4cHM5cjdrNDMzbDYzNEAwYWIyL14vXi4xMWJiMWMzYSMzXi00MmRzbm9hLS1kMGJzcw%3D%3D&btag=c0000e00010000&dy_q=1753943890&feature_id=b1cb202f98cf51d95e455ae01e100ce9&l=202507311438096024EA9B90CF954EDD68
2025-07-31 14:38:14,328 - video_downloader - INFO - 开始下载视频: https://v6-adadmin.oceanengine.com/e63353a023734d001dc9c00cff8cc528/d1162cc5/video/tos/cn/tos-cn-ve-51-ce/oMBBiCAiVIJ5RmQYPXBOJ6E4DM4JBfqAvmr0Y4/?a=415013&ch=0&cr=0&dr=0&er=0&lr=default&cd=0%7C0%7C0%7C0&cv=1&br=539&bt=539&cs=0&ds=6&ft=tebrH6~tBBkq8Zmo1HBU-_vjVQWw&mime_type=video_mp4&qs=0&rc=OWZoZGVoaDs7aDNoO2Y3NUBpMzw4cHM5cjdrNDMzbDYzNEAwYWIyL14vXi4xMWJiMWMzYSMzXi00MmRzbm9hLS1kMGJzcw%3D%3D&btag=c0000e00010000&dy_q=1753943890&feature_id=b1cb202f98cf51d95e455ae01e100ce9&l=202507311438096024EA9B90CF954EDD68
2025-07-31 14:38:14,329 - video_downloader - INFO - 保存到: D:\project\FangXieZhiLian\FangXieZhiLian\storage\video\留香珠\0711-留香珠-种草-【横屏】04-zypy.mp4
2025-07-31 14:38:14,398 - video_downloader - INFO - 视频大小: 1.14 MB
2025-07-31 14:38:14,422 - video_downloader - INFO - 下载进度: 10.24%
2025-07-31 14:38:14,439 - video_downloader - INFO - 下载进度: 20.48%
2025-07-31 14:38:14,448 - video_downloader - INFO - 下载进度: 30.03%
2025-07-31 14:38:14,454 - video_downloader - INFO - 下载进度: 40.27%
2025-07-31 14:38:14,460 - video_downloader - INFO - 下载进度: 50.51%
2025-07-31 14:38:14,463 - video_downloader - INFO - 下载进度: 60.06%
2025-07-31 14:38:14,466 - video_downloader - INFO - 下载进度: 70.30%
2025-07-31 14:38:14,469 - video_downloader - INFO - 下载进度: 80.54%
2025-07-31 14:38:14,472 - video_downloader - INFO - 下载进度: 90.10%
2025-07-31 14:38:14,476 - video_downloader - INFO - 下载进度: 100.00%
2025-07-31 14:38:14,477 - video_downloader - INFO - 视频下载完成: D:\project\FangXieZhiLian\FangXieZhiLian\storage\video\留香珠\0711-留香珠-种草-【横屏】04-zypy.mp4
